7-base_geometry
======================

>>> BaseGeometry = __import__('7-base_geometry').BaseGeometry
>>> bg = BaseGeometry()


Test cases:

>>> bg.integer_validator("my_int", 12)
>>> bg.integer_validator("width", 89)

>>> bg.integer_validator("name", "John")
Traceback (most recent call last):
TypeError: name must be an integer

>> bg.integer_validator("name", "None")
Traceback (most recent call last):
TypeError: name must be an integer

>>> bg.integer_validator("name", [5,3,2])
Traceback (most recent call last):
TypeError: name must be an integer

>>> bg.integer_validator("name")
Traceback (most recent call last):
TypeError: integer_validator() missing 1 required positional argument: 'value'

>>> bg.integer_validator("name", 3, "jola")
Traceback (most recent call last):
TypeError: integer_validator() takes 3 positional arguments but 4 were given

>>> bg.integer_validator("name", -5)
Traceback (most recent call last):
ValueError: name must be greater than 0
